AA2000ODA03AJ          Austrian Army 2000s Olive Drab Anzug 03 Alpine Jacket   [Jackets / Shirts]  757KB
BA1960M64OGFJ          Belgian Army 1960s M64 Olive Green Field Jacket   [Jackets / Shirts]  752KB
BRN1980BUDJ            British Royal Navy 1980s Blue Upper Deck Jacket   [Jackets / Shirts]  647KB
BUPA1970OGCS           Bulgarian People's Army 1970s Olive Green Cossack Shirt   [Jackets / Shirts]  807KB
CPLA1980T81OGABCR      Chinese People's Liberation Army 1980s Type 81 Olive Green AK Bandolier Chest Rig   [Bags / Webbing]  629KB
CSA1980M85FOGWHP       Czechoslovak Army 1980s M85 Field Olive Green with Hood Parka   [Jackets / Shirts]  711KB
CZA1990CWLJ            Czech Army 1990s Cold Weather Liner Jacket   [Jackets / Shirts]  803KB
DCD1970M71P            Danish Civil Defence 1970s M71 Parka   [Jackets / Shirts]  878KB
EGA1960NRSCJ           East German Army 1960s NVA Raindrop Strichmuster Camouflage Jacket   [Jackets / Shirts]  1026KB
FA1960M64NS            Finnish Army 1960s M64 NBC Smock   [Jackets / Shirts]  761KB
FRA1990CCF2J           French Army 1990s CCE Camouflage F2 Jacket   [Jackets / Shirts]  794KB
WGA1960TJ              West German Army 1960s Tracksuit Jacket   [Jackets / Shirts]  650KB
GRA1960M65FFLJ         Greek Army 1960s M65 Faux Fur Liner Jacket   [Jackets / Shirts]  872KB
HPA1970CWTLJ           Hungarian People's Army 1970s Cold Weather Tank Liner Jacket   [Jackets / Shirts]  877KB
IQA1980DDCCJ           Iraqi Army 1980s Desert DPM Camouflage Combat Jacket   [Jackets / Shirts]  857KB
IRA1980GDJ             Irish Army 1980s Green Dress Jacket   [Jackets / Shirts]  837KB
ISDF1970GBIJ           Israeli Defense Force 1970s Green Battledress Ike Jacket   [Jackets / Shirts]  633KB
IA1960DAMR             Italian Army 1960s Denim Alpini Mountain Rucksack   [Bags / Webbing]  852KB
IA1990R90WCCJ          Italian Army 1990s Roma 90 Woodland Camouflage Combat Jacket   [Jackets / Shirts]  965KB
NLA1990M93DWCJ         Dutch Army 1990s M93 DPM Woodland Camouflage Jacket   [Jackets / Shirts]  943KB
NLA1990SOGCR           Dutch Army 1990s SPE Olive Green Chest Rig   [Bags / Webbing]  753KB
NA1950M51TLP           Norwegian Army 1950s M51 Thermal Liner Parka   [Jackets / Shirts]  969KB
PA1990WZ93PCWWLP       Polish Army 1990s WZ93 Pantera Camouflage Windproof Winter Liner Parka   [Jackets / Shirts]  1118KB
PTA1960M63LCLSS        Portuguese Army 1960s M63 Lizard Camouflage Long Sleeve Shirt   [Jackets / Shirts]  888KB
ROP1990M1990BLCLSS     Romanian Police 1990s M1990 Blue Leaf Camouflage Long Sleeve Shirt   [Jackets / Shirts]  972KB
SN1970YDS              Soviet Navy 1970s Yellow Dress Shirt   [Jackets / Shirts]  781KB
SBA1990M93OLCTLP       Serbian Army 1990s M93 Oak Leaf Camouflage Thermal Liner Parka   [Jackets / Shirts]  894KB
SKAF2000TFJ            Slovak Air Force 2000s Thermal Flight Jacket   [Jackets / Shirts]  761KB
SRA1970BWG             Soviet Red Army 1970s Brown Wool Greatcoat   [Jackets / Shirts]  692KB
SPA2000M09PLCRJ        Spanish Army 2000s M09 Pixel Leaf Camouflage Ripstop Jacket   [Jackets / Shirts]  905KB
SWA1940M39WJ           Swedish Army 1940s M39 Wool Jacket   [Jackets / Shirts]  864KB
CHA1980TAZ83ACFS       Swiss Army 1980s TAZ83 Alpenflage Camouflage Field Shirt   [Jackets / Shirts]  1134KB
USA1980M81WCMP         United States Army 1980s M81 Woodland Camouflage MVP Parka   [Jackets / Shirts]  1003KB
USAF2000DTSCBCJ        United States Air Force 2000s Digital Tiger Stripe Camouflage BDU Combat Jacket   [Jackets / Shirts]  1094KB
USAF1990TCDCSCRCJ      United States Air Force 1990s Tri Colour Desert Coffee Stain Camouflage Ripstop Combat Jacket   [Jackets / Shirts]  798KB
YA1980JM87OLCS         Yugoslav Army 1980s JNA M87 Oak Leaf Camouflage Shirt   [Jackets / Shirts]  972KB
