BA2010MCUCS            British Army 2010s MTP Camouflage UBACS Combat Shirt   [Jackets / Shirts]  944KB
AA1980ODLSFS           Austrian Army 1980s Olive Drab Long Sleeve Field Shirt   [Jackets / Shirts]  686KB
USA1980M81WCM65CWFC    United States Army 1980s M81 Woodland Camouflage M65 Cold Weather Field Coat   [Jackets / Shirts]  989KB
USMC1980M81WCBCJ       United States Marine Corps 1980s M81 Woodland Camouflage BDU Combat Jacket   [Jackets / Shirts]  947KB
USAF2010MCCJ           United States Air Force 2010s Multicam Camouflage Combat Jacket   [Jackets / Shirts]  901KB
BRN2010R22FOS          British Royal Navy 2010s Rig 22 FR Operational Shirt   [Jackets / Shirts]  618KB
BA2010NFRROSDJ         British Army 2010s No.2 FAD Royal Regiment of Scotland Dress Jacket   [Jackets / Shirts]  934KB
SKA1990M97CM65J        Slovak Army 1990s M97 Camouflage M65 Jacket   [Jackets / Shirts]  1015KB
USA2000UCUMCS          United States Army 2000s UCP Camouflage UBACS Mandarin Collar Shirt   [Jackets / Shirts]  1125KB
BRAF1980GTLBJ          British Royal Air Force 1980s GP Thermal Liner Bomber Jacket   [Jackets / Shirts]  500KB
BRAF1980AFFTBLP        British Royal Air Force 1980s Aircrew Faux Fur Thermal Base Layer Pullover   [Jackets / Shirts]  609KB
ROA2010M2017WCP        Romanian Army 2010s M2017 Woodland Camouflage Polo   [Jackets / Shirts]  740KB
ROPA1970KWG            Romanian People's Army 1970s Khaki Wool Greatcoat   [Jackets / Shirts]  757KB
ROA1990M1994FLCWLP     Romanian Army 1990s M1994 Fleck Leaf Camouflage Winter Liner Parka   [Jackets / Shirts]  1119KB
ROA1990M1990LCLSS      Romanian Army 1990s M1990 Leaf Camouflage Long Sleeve Shirt   [Jackets / Shirts]  1079KB
RON2010M2017BCP        Romanian Navy 2010s M2017 Blue Camouflage Polo   [Jackets / Shirts]  782KB
FRA1990CCPF            French Army 1990s CCE Camouflage Pullover Fleece   [Jackets / Shirts]  1004KB
WGA1970KTLC            West German Army 1970s Khaki Thermal Liner Coat   [Jackets / Shirts]  931KB
GRA1960M65OGJ          Greek Army 1960s M65 Olive Green Jacket   [Jackets / Shirts]  950KB
IA1970R75ODSJ          Italian Army 1970s Roma 75 Olive Drab Safari Jacket   [Jackets / Shirts]  693KB
BRAF1980RTC            British Royal Air Force 1980s Raincoat Trench Coat   [Jackets / Shirts]  818KB
CSA1980OPS             Czechoslovak Army 1980s Orange Pyjama Shirt   [Jackets / Shirts]  742KB
NLN1980WJ              Dutch Navy 1980s Work Jacket   [Jackets / Shirts]  775KB
NLA1990M93DWCCJ        Dutch Army 1990s M93 DPM Woodland Camouflage Combat Jacket   [Jackets / Shirts]  1148KB
NLA1990TOBNP           Dutch Army 1990s Thermal Olive Brown Norgie Pullover   [Jackets / Shirts]  899KB
BA2010MCWS             British Army 2010s MTP Camouflage Windproof Smock   [Jackets / Shirts]  1038KB
BA1980NRSDJ            British Army 1980s No.1 Royal Signals Dress Jacket   [Jackets / Shirts]  607KB
BA1990TBPS             British Army 1990s Thermal Buffalo Pullover Smock   [Jackets / Shirts]  676KB
BRAF1990WWCJ           British Royal Air Force 1990s Wet Weather Coat Jacket   [Jackets / Shirts]  867KB
BA1990S95DDCCJ         British Army 1990s S95 Desert DPM Camouflage Combat Jacket   [Jackets / Shirts]  899KB
BA198085PWDCCS         British Army 1980s 85 Pattern Woodland DPM Camouflage Combat Smock   [Jackets / Shirts]  964KB
BA1990S95WDCRFJ        British Army 1990s S95 Woodland DPM Camouflage Ripstop Field Jacket   [Jackets / Shirts]  1091KB
AA1990ODLRJ            Austrian Army 1990s Olive Drab Lightweight Ripstop Jacket   [Jackets / Shirts]  728KB
BEA1960M64OGS          Belgian Army 1960s M64 Olive Green Shirt   [Jackets / Shirts]  754KB
BA1990DDCBACV          British Army 1990s Desert DPM Camouflage Body Armour Cover Vest   [Bags / Webbing]  933KB
BA1990WDCBACV          British Army 1990s Woodland DPM Camouflage Body Armour Cover Vest   [Bags / Webbing]  1084KB
BA2010MCBACV           British Army 2010s MTP Camouflage Body Armour Cover Vest   [Bags / Webbing]  1022KB
BRAF2000MK3FCWAT       British Royal Air Force 2000s MK3 FR Cold Weather Aircrew Trousers   [Trousers / Coveralls]  480KB
CSA1960M60VZ63CWTTL    Czechoslovak Army 1960s M60 Vz63 Cold Weather Thermal Trouser Liner   [Trousers / Coveralls]  584KB
